// Jest Snapshot v1, https://goo.gl/fbAQLP

exports[`Student Bank Tests Renders should render alert properly 1`] = `undefined`;

exports[`Student Bank Tests Renders should render card properly 1`] = `
<Card
  body={false}
  className="cards"
  style={
    Object {
      "width": "15rem",
    }
  }
>
  <CardBody>
    <CardTitle>
      Amount: 
    </CardTitle>
    <CardText>
      Payout of 
      200
      $ in 
      3
       days
    </CardText>
    <Button
      active={false}
      className="bank-button"
      disabled={false}
      onClick={[Function]}
      variant="primary"
    >
      Claim Savings
    </Button>
  </CardBody>
</Card>
`;

exports[`Student Bank Tests Renders should render page properly 1`] = `
Array [
  <div
    className="wrapper"
  >
    <Navbar
      className="teacher-navbar"
      collapseOnSelect={true}
      expand="lg"
      variant="dark"
    >
      <Container
        fluid={false}
      >
        <NavbarBrand
          className="navbar-header"
        >
          Replecon
        </NavbarBrand>
        <Nav
          className="navbar-btns"
          fill={false}
          justify={false}
        >
          <Button
            active={false}
            className="navbar-btn"
            disabled={false}
            variant="light"
          >
            <Link
              className="navbar-link"
              to={
                Object {
                  "pathname": "/Profile",
                  "state": Object {
                    "role": "Student",
                    "token": "Token",
                  },
                }
              }
            >
              Profile
            </Link>
          </Button>
          <Button
            active={false}
            className="navbar-btn"
            disabled={false}
            variant="light"
          >
            <Link
              className="navbar-link"
              to={
                Object {
                  "pathname": "/StudentStore",
                  "state": Object {
                    "role": "Student",
                    "token": "Token",
                  },
                }
              }
            >
              Store
            </Link>
          </Button>
          <Button
            active={false}
            className="navbar-btn"
            disabled={false}
            variant="light"
          >
            <Link
              className="navbar-link"
              to={
                Object {
                  "pathname": "/StudentBank",
                  "state": Object {
                    "role": "Student",
                    "token": "Token",
                  },
                }
              }
            >
              Bank
            </Link>
          </Button>
          <Button
            active={false}
            className="navbar-btn"
            disabled={false}
            variant="light"
          >
            <Link
              className="navbar-link"
              to={
                Object {
                  "pathname": "/StudentClass",
                  "state": Object {
                    "role": "Student",
                    "token": "Token",
                  },
                }
              }
            >
              Classroom
            </Link>
          </Button>
        </Nav>
      </Container>
    </Navbar>
    <div
      className="bank-content"
    >
      <div>
        <div
          className="bank-title"
        >
          <div
            className="title-bank"
          >
            <h3>
              Bank of 
              
            </h3>
          </div>
          <div
            className="title-balance"
          >
            <h3>
              $
              
            </h3>
          </div>
        </div>
        <div
          className="bank-title"
        >
          <div
            className="title-bank"
          >
            <h6>
              Current Intrest Rate: 
              
               %
            </h6>
            <h6>
              Current Payout Rate: 
              
               week
            </h6>
            <h6>
              Current Balance: 
              
              $
            </h6>
          </div>
          <div
            className="title-balance"
          >
            <h3>
              <Button
                active={false}
                className="bank-button"
                disabled={false}
                onClick={[Function]}
                variant="primary"
              >
                Start Saving
              </Button>
            </h3>
          </div>
        </div>
        <Modal
          animation={true}
          autoFocus={true}
          backdrop="static"
          dialogAs={
            Object {
              "$$typeof": Symbol(react.forward_ref),
              "render": [Function],
            }
          }
          enforceFocus={true}
          keyboard={false}
          restoreFocus={true}
          show={false}
        >
          <ModalHeader
            closeButton={false}
            closeLabel="Close"
          >
            <ModalTitle>
              Start Saving
            </ModalTitle>
          </ModalHeader>
          <ModalBody>
            <Form>
              <FormGroup
                className="mb-3"
                controlId="formBasicEmail"
              >
                <FormControl
                  onChange={[Function]}
                  placeholder="Enter the amount to save"
                  type="number"
                />
              </FormGroup>
            </Form>
          </ModalBody>
          <ModalFooter>
            <Button
              active={false}
              disabled={false}
              onClick={[Function]}
              variant="secondary"
            >
              Cancel
            </Button>
            <Button
              active={false}
              className="bank-button"
              disabled={false}
              onClick={[Function]}
              variant="primary"
            >
              Confirm Saving
            </Button>
          </ModalFooter>
        </Modal>
      </div>
      <div
        className="alert"
      />
      <div
        className="con"
      >
        <h2>
          My Savings
        </h2>
        <div
          className="savings_cards"
        >
          <div
            className="bank-cards"
          >
            <Row
              className="override"
              md={2}
              xs="auto"
            />
          </div>
        </div>
      </div>
    </div>
  </div>,
]
`;
